[ RegContains 0 9
, RegContains 1 18
, RegContains 2 27
]