[ RegContains 0 0xAAAA,
  RegContains 1 0x5555,
  RegContains 2 0xAAAA
]